// Jest Snapshot v1, https://goo.gl/fbAQLP

exports[`Item component must match snapshot 1`] = `
<div>
  <div
    class="tarefa"
  >
    <div
      class="dados"
    >
      <p>
        testing task
      </p>
      <span>
        testing description
      </span>
    </div>
    <div
      class="opcoes"
    >
      <button
        class="button_item"
        type="button"
      >
        <img
          alt="terminar"
          src="finish.jpg"
        />
      </button>
      <button
        class="button_item"
        type="button"
      >
        <img
          alt="deletar"
          src="Trash.png"
        />
      </button>
    </div>
  </div>
</div>
`;
